// Jest Snapshot v1, https://goo.gl/fbAQLP

exports[`Pruebas en <MultipleCustomHook/> debe mostrase correctamente 1`] = `
<div>
  <h1>
    Breakikng Bad Quotes!!!
  </h1>
  <hr />
  <div
    className="alert alert-info text-center"
  >
    Loading ...
  </div>
  <button
    className="btn btn-primary"
    onClick={[Function]}
  >
    Siguiente Quote
  </button>
</div>
`;
