// Jest Snapshot v1, https://goo.gl/fbAQLP

exports[`PRueba en <HookApp/> debe mostrarse correctamente 1`] = `
<div>
  Hola Mundo
</div>
`;
