// Jest Snapshot v1, https://goo.gl/fbAQLP

exports[`Pruebas en <HomeScree/> Debe mostrarse correctamente 1`] = `
Array [
  <h1>
    Home Page
  </h1>,
  <hr />,
  <pre>
    {
    "name": "Edmundo",
    "email": "ce.pichardo@gmail.com"
}
  </pre>,
]
`;
