// Jest Snapshot v1, https://goo.gl/fbAQLP

exports[`Pruebas en <LoginScree/> Mostrar correctamente  1`] = `
Array [
  <h1>
    Login Page
  </h1>,
  <hr />,
  <button
    className="btn btn-primary"
    onClick={[Function]}
  >
    Login
  </button>,
]
`;
